2026-07-31 15:38:19,032 - __main__ - ERROR - 请求超时 (超过 60 秒)
2026-07-31 15:38:36,132 - __main__ - INFO - 标签库已保存至E:\DYZ.92132.workSpace\蟒蛇项目\projectA\tag_library\tag_library.json!
2026-07-31 15:38:42,892 - __main__ - INFO - 标签库已保存至E:\DYZ.92132.workSpace\蟒蛇项目\projectA\tag_library\tag_library.json!
2026-07-31 15:39:36,915 - __main__ - INFO - 标签库已保存至E:\DYZ.92132.workSpace\蟒蛇项目\projectA\tag_library\tag_library.json!
2026-07-31 15:39:44,619 - __main__ - INFO - 标签库已保存至E:\DYZ.92132.workSpace\蟒蛇项目\projectA\tag_library\tag_library.json!
2026-07-31 15:39:48,139 - __main__ - INFO - 标签库已保存至E:\DYZ.92132.workSpace\蟒蛇项目\projectA\tag_library\tag_library.json!
2026-07-31 15:39:48,140 - __main__ - INFO - 标签库已保存至E:\DYZ.92132.workSpace\蟒蛇项目\projectA\tag_library\tag_library.json!
2026-07-31 15:52:36,737 - __main__ - INFO - 1266587.jpg下载完成！
2026-07-31 15:52:42,656 - __main__ - INFO - 标签库已保存至E:\DYZ.92132.workSpace\蟒蛇项目\projectA\tag_library\tag_library.json!
2026-07-31 15:52:45,010 - __main__ - INFO - 1266586.jpg下载完成！
2026-07-31 15:52:51,680 - __main__ - INFO - 标签库已保存至E:\DYZ.92132.workSpace\蟒蛇项目\projectA\tag_library\tag_library.json!
2026-07-31 15:52:53,516 - __main__ - INFO - 1266585.jpg下载完成！
2026-07-31 15:52:56,760 - __main__ - INFO - 标签库已保存至E:\DYZ.92132.workSpace\蟒蛇项目\projectA\tag_library\tag_library.json!
2026-07-31 15:52:56,761 - __main__ - INFO - 标签库已保存至E:\DYZ.92132.workSpace\蟒蛇项目\projectA\tag_library\tag_library.json!
2026-07-31 15:53:19,332 - __main__ - WARNING - 警告：E:\DYZ.92132.workSpace\蟒蛇项目\projectA\tag_library\tag_library.json格式错误，已重置！
2026-07-31 15:54:23,415 - __main__ - WARNING - 图片下载失败: <urlopen error retrieval incomplete: got only 474672 out of 593172 bytes>!
2026-07-31 15:54:23,415 - __main__ - WARNING - 跳过本次，继续下一张！
2026-07-31 15:54:23,415 - __main__ - INFO - 标签库已保存至E:\DYZ.92132.workSpace\蟒蛇项目\projectA\tag_library\tag_library.json!
2026-07-31 15:54:25,812 - __main__ - INFO - 1266586.jpg下载完成！
2026-07-31 15:54:36,487 - __main__ - INFO - 标签库已保存至E:\DYZ.92132.workSpace\蟒蛇项目\projectA\tag_library\tag_library.json!
2026-07-31 15:54:38,363 - __main__ - INFO - 1266585.jpg下载完成！
2026-07-31 15:54:39,711 - __main__ - INFO - 标签库已保存至E:\DYZ.92132.workSpace\蟒蛇项目\projectA\tag_library\tag_library.json!
2026-07-31 15:54:39,712 - __main__ - INFO - 标签库已保存至E:\DYZ.92132.workSpace\蟒蛇项目\projectA\tag_library\tag_library.json!
2026-07-31 16:46:29,934 - __main__ - INFO - 1266587.jpg下载完成!
2026-07-31 16:46:41,651 - __main__ - INFO - 标签库已保存至E:\DYZ.92132.workSpace\蟒蛇项目\projectA\tag_library\tag_library.json!
2026-07-31 16:46:44,617 - __main__ - INFO - 1266586.jpg下载完成!
2026-07-31 16:46:46,180 - __main__ - INFO - 标签库已保存至E:\DYZ.92132.workSpace\蟒蛇项目\projectA\tag_library\tag_library.json!
2026-07-31 16:46:48,115 - __main__ - INFO - 1266585.jpg下载完成!
2026-07-31 16:46:48,844 - __main__ - INFO - 标签库已保存至E:\DYZ.92132.workSpace\蟒蛇项目\projectA\tag_library\tag_library.json!
2026-07-31 16:46:48,844 - __main__ - INFO - 标签库已保存至E:\DYZ.92132.workSpace\蟒蛇项目\projectA\tag_library\tag_library.json!
